
  .   ____          _            __ _ _
 /\\ / ___'_ __ _ _(_)_ __  __ _ \ \ \ \
( ( )\___ | '_ | '_| | '_ \/ _` | \ \ \ \
 \\/  ___)| |_)| | | | | || (_| |  ) ) ) )
  '  |____| .__|_| |_|_| |_\__, | / / / /
 =========|_|==============|___/=/_/_/_/

 :: Spring Boot ::                (v3.3.4)

2026-09-14 16:30:01.311 [main] INFO  com.bancoxyz.bff.atm.BffAtmApplication - Starting BffAtmApplication v1.0.0 using Java 21.0.12.1 with PID 44028 (I:\Mi unidad\Analista Programador Computacional\Bimestres\Bimestre 8\Desarrollo Backend  III\S5\trabajo\bff-atm\target\bff-atm.jar started by Gamer in I:\Mi unidad\Analista Programador Computacional\Bimestres\Bimestre 8\Desarrollo Backend  III\S5\trabajo)
2026-09-14 16:30:01.318 [main] INFO  com.bancoxyz.bff.atm.BffAtmApplication - No active profile set, falling back to 1 default profile: "default"
2026-09-14 16:30:03.818 [main] INFO  o.s.boot.web.embedded.tomcat.TomcatWebServer - Tomcat initialized with port 8083 (https)
2026-09-14 16:30:03.843 [main] INFO  org.apache.catalina.core.StandardService - Starting service [Tomcat]
2026-09-14 16:30:03.844 [main] INFO  org.apache.catalina.core.StandardEngine - Starting Servlet engine: [Apache Tomcat/10.1.30]
2026-09-14 16:30:03.899 [main] INFO  o.a.c.c.C.[Tomcat].[localhost].[/] - Initializing Spring embedded WebApplicationContext
2026-09-14 16:30:03.901 [main] INFO  o.s.b.w.s.c.ServletWebServerApplicationContext - Root WebApplicationContext: initialization completed in 2459 ms
2026-09-14 16:30:04.639 [main] INFO  o.a.tomcat.util.net.NioEndpoint.certificate - Connector [https-jsse-nio-8083], TLS virtual host [_default_], certificate type [UNDEFINED] configured from keystore [C:\Users\Gamer\.keystore] using alias [bffatm] with trust store [null]
2026-09-14 16:30:04.677 [main] INFO  o.s.boot.web.embedded.tomcat.TomcatWebServer - Tomcat started on port 8083 (https) with context path '/'
2026-09-14 16:30:04.698 [main] INFO  com.bancoxyz.bff.atm.BffAtmApplication - Started BffAtmApplication in 4.545 seconds (process running for 5.834)
2026-09-14 16:30:42.435 [https-jsse-nio-8083-exec-5] INFO  o.a.c.c.C.[Tomcat].[localhost].[/] - Initializing Spring DispatcherServlet 'dispatcherServlet'
2026-09-14 16:30:42.435 [https-jsse-nio-8083-exec-5] INFO  o.s.web.servlet.DispatcherServlet - Initializing Servlet 'dispatcherServlet'
2026-09-14 16:30:42.436 [https-jsse-nio-8083-exec-5] INFO  o.s.web.servlet.DispatcherServlet - Completed initialization in 0 ms
2026-09-14 16:30:43.703 [https-jsse-nio-8083-exec-7] INFO  c.b.bff.atm.controller.CuentaAtmController - Retiro confirmado: cuenta=105 monto=1000.0 nuevoSaldo=9000.0
