
  .   ____          _            __ _ _
 /\\ / ___'_ __ _ _(_)_ __  __ _ \ \ \ \
( ( )\___ | '_ | '_| | '_ \/ _` | \ \ \ \
 \\/  ___)| |_)| | | | | || (_| |  ) ) ) )
  '  |____| .__|_| |_|_| |_\__, | / / / /
 =========|_|==============|___/=/_/_/_/

 :: Spring Boot ::                (v3.3.4)

2026-09-14 16:24:12.499 [main] INFO  com.bancoxyz.bff.core.CoreServiceApplication - Starting CoreServiceApplication v1.0.0 using Java 21.0.12.1 with PID 27036 (I:\Mi unidad\Analista Programador Computacional\Bimestres\Bimestre 8\Desarrollo Backend  III\S5\trabajo\core-service\target\core-service.jar started by Gamer in I:\Mi unidad\Analista Programador Computacional\Bimestres\Bimestre 8\Desarrollo Backend  III\S5\trabajo)
2026-09-14 16:24:12.505 [main] INFO  com.bancoxyz.bff.core.CoreServiceApplication - No active profile set, falling back to 1 default profile: "default"
2026-09-14 16:24:14.619 [main] INFO  o.s.boot.web.embedded.tomcat.TomcatWebServer - Tomcat initialized with port 8080 (http)
2026-09-14 16:24:14.642 [main] INFO  org.apache.catalina.core.StandardService - Starting service [Tomcat]
2026-09-14 16:24:14.642 [main] INFO  org.apache.catalina.core.StandardEngine - Starting Servlet engine: [Apache Tomcat/10.1.30]
2026-09-14 16:24:14.706 [main] INFO  o.a.c.c.C.[Tomcat].[localhost].[/] - Initializing Spring embedded WebApplicationContext
2026-09-14 16:24:14.707 [main] INFO  o.s.b.w.s.c.ServletWebServerApplicationContext - Root WebApplicationContext: initialization completed in 2102 ms
2026-09-14 16:24:15.300 [main] INFO  o.s.boot.web.embedded.tomcat.TomcatWebServer - Tomcat started on port 8080 (http) with context path '/'
2026-09-14 16:24:15.318 [main] INFO  com.bancoxyz.bff.core.CoreServiceApplication - Started CoreServiceApplication in 3.795 seconds (process running for 4.663)
2026-09-14 16:24:15.355 [main] INFO  c.bancoxyz.bff.core.service.CargaDatosService - ############################################################
2026-09-14 16:24:15.356 [main] INFO  c.bancoxyz.bff.core.service.CargaDatosService - core-service: datos cargados en memoria.
2026-09-14 16:24:15.356 [main] INFO  c.bancoxyz.bff.core.service.CargaDatosService - Cuentas validas cargadas: 49 (omitidas por datos invalidos: 797)
2026-09-14 16:24:15.361 [main] INFO  c.bancoxyz.bff.core.service.CargaDatosService - Movimientos validos cargados: 885 (omitidos por datos invalidos: 115)
2026-09-14 16:24:15.362 [main] INFO  c.bancoxyz.bff.core.service.CargaDatosService - ############################################################
2026-09-14 16:24:16.758 [http-nio-8080-exec-2] INFO  o.a.c.c.C.[Tomcat].[localhost].[/] - Initializing Spring DispatcherServlet 'dispatcherServlet'
2026-09-14 16:24:16.758 [http-nio-8080-exec-2] INFO  o.s.web.servlet.DispatcherServlet - Initializing Servlet 'dispatcherServlet'
2026-09-14 16:24:16.760 [http-nio-8080-exec-2] INFO  o.s.web.servlet.DispatcherServlet - Completed initialization in 0 ms
2026-09-14 16:24:16.770 [http-nio-8080-exec-2] WARN  c.b.bff.core.config.InternalApiKeyFilter - Acceso rechazado a GET /internal/cuentas: encabezado X-Internal-Api-Key ausente o invalido (posible intento de un frontend de saltarse su BFF y llamar directo al backend generalizado)
2026-09-14 16:27:57.850 [http-nio-8080-exec-4] WARN  c.b.bff.core.config.InternalApiKeyFilter - Acceso rechazado a GET /internal/cuentas: encabezado X-Internal-Api-Key ausente o invalido (posible intento de un frontend de saltarse su BFF y llamar directo al backend generalizado)
2026-09-14 16:30:39.441 [http-nio-8080-exec-6] WARN  c.b.bff.core.config.InternalApiKeyFilter - Acceso rechazado a GET /internal/cuentas: encabezado X-Internal-Api-Key ausente o invalido (posible intento de un frontend de saltarse su BFF y llamar directo al backend generalizado)
2026-09-14 16:30:43.698 [http-nio-8080-exec-7] INFO  c.b.b.c.controller.CuentaInternalController - Cuenta 105: debito de 1000.0 aplicado. Nuevo saldo: 9000.0
