
  .   ____          _            __ _ _
 /\\ / ___'_ __ _ _(_)_ __  __ _ \ \ \ \
( ( )\___ | '_ | '_| | '_ \/ _` | \ \ \ \
 \\/  ___)| |_)| | | | | || (_| |  ) ) ) )
  '  |____| .__|_| |_|_| |_\__, | / / / /
 =========|_|==============|___/=/_/_/_/

 :: Spring Boot ::                (v3.3.4)

2026-09-14 16:29:58.738 [main] INFO  com.bancoxyz.bff.mobile.BffMobileApplication - Starting BffMobileApplication v1.0.0 using Java 21.0.12.1 with PID 8992 (I:\Mi unidad\Analista Programador Computacional\Bimestres\Bimestre 8\Desarrollo Backend  III\S5\trabajo\bff-mobile\target\bff-mobile.jar started by Gamer in I:\Mi unidad\Analista Programador Computacional\Bimestres\Bimestre 8\Desarrollo Backend  III\S5\trabajo)
2026-09-14 16:29:58.745 [main] INFO  com.bancoxyz.bff.mobile.BffMobileApplication - No active profile set, falling back to 1 default profile: "default"
2026-09-14 16:30:01.634 [main] INFO  o.s.boot.web.embedded.tomcat.TomcatWebServer - Tomcat initialized with port 8082 (https)
2026-09-14 16:30:01.674 [main] INFO  org.apache.catalina.core.StandardService - Starting service [Tomcat]
2026-09-14 16:30:01.675 [main] INFO  org.apache.catalina.core.StandardEngine - Starting Servlet engine: [Apache Tomcat/10.1.30]
2026-09-14 16:30:01.755 [main] INFO  o.a.c.c.C.[Tomcat].[localhost].[/] - Initializing Spring embedded WebApplicationContext
2026-09-14 16:30:01.757 [main] INFO  o.s.b.w.s.c.ServletWebServerApplicationContext - Root WebApplicationContext: initialization completed in 2887 ms
2026-09-14 16:30:02.860 [main] INFO  o.a.tomcat.util.net.NioEndpoint.certificate - Connector [https-jsse-nio-8082], TLS virtual host [_default_], certificate type [UNDEFINED] configured from keystore [C:\Users\Gamer\.keystore] using alias [bffmobile] with trust store [null]
2026-09-14 16:30:02.900 [main] INFO  o.s.boot.web.embedded.tomcat.TomcatWebServer - Tomcat started on port 8082 (https) with context path '/'
2026-09-14 16:30:02.925 [main] INFO  com.bancoxyz.bff.mobile.BffMobileApplication - Started BffMobileApplication in 5.265 seconds (process running for 6.345)
2026-09-14 16:30:41.348 [https-jsse-nio-8082-exec-5] INFO  o.a.c.c.C.[Tomcat].[localhost].[/] - Initializing Spring DispatcherServlet 'dispatcherServlet'
2026-09-14 16:30:41.348 [https-jsse-nio-8082-exec-5] INFO  o.s.web.servlet.DispatcherServlet - Initializing Servlet 'dispatcherServlet'
2026-09-14 16:30:41.350 [https-jsse-nio-8082-exec-5] INFO  o.s.web.servlet.DispatcherServlet - Completed initialization in 1 ms
